17:26:30 **** Incremental Build of configuration Debug for project traffic_light_project ****
make -j16 all 
arm-none-eabi-gcc "../Core/Src/button.c" -mcpu=cortex-m3 -std=gnu11 -g3 -DDEBUG -DUSE_HAL_DRIVER -DSTM32F103x6 -c -I../Core/Inc -I../Drivers/STM32F1xx_HAL_Driver/Inc -I../Drivers/STM32F1xx_HAL_Driver/Inc/Legacy -I../Drivers/CMSIS/Device/ST/STM32F1xx/Include -I../Drivers/CMSIS/Include -O0 -ffunction-sections -fdata-sections -Wall -fstack-usage -MMD -MP -MF"Core/Src/button.d" -MT"Core/Src/button.o" --specs=nano.specs -mfloat-abi=soft -mthumb -o "Core/Src/button.o"
arm-none-eabi-gcc "../Core/Src/fsm_traffic_light.c" -mcpu=cortex-m3 -std=gnu11 -g3 -DDEBUG -DUSE_HAL_DRIVER -DSTM32F103x6 -c -I../Core/Inc -I../Drivers/STM32F1xx_HAL_Driver/Inc -I../Drivers/STM32F1xx_HAL_Driver/Inc/Legacy -I../Drivers/CMSIS/Device/ST/STM32F1xx/Include -I../Drivers/CMSIS/Include -O0 -ffunction-sections -fdata-sections -Wall -fstack-usage -MMD -MP -MF"Core/Src/fsm_traffic_light.d" -MT"Core/Src/fsm_traffic_light.o" --specs=nano.specs -mfloat-abi=soft -mthumb -o "Core/Src/fsm_traffic_light.o"
arm-none-eabi-gcc "../Core/Src/main.c" -mcpu=cortex-m3 -std=gnu11 -g3 -DDEBUG -DUSE_HAL_DRIVER -DSTM32F103x6 -c -I../Core/Inc -I../Drivers/STM32F1xx_HAL_Driver/Inc -I../Drivers/STM32F1xx_HAL_Driver/Inc/Legacy -I../Drivers/CMSIS/Device/ST/STM32F1xx/Include -I../Drivers/CMSIS/Include -O0 -ffunction-sections -fdata-sections -Wall -fstack-usage -MMD -MP -MF"Core/Src/main.d" -MT"Core/Src/main.o" --specs=nano.specs -mfloat-abi=soft -mthumb -o "Core/Src/main.o"
arm-none-eabi-gcc -o "traffic_light_project.elf" @"objects.list"   -mcpu=cortex-m3 -T"D:\Workspace\GIT\MCU_LAB3\traffic_light_project\STM32F103C6UX_FLASH.ld" --specs=nosys.specs -Wl,-Map="traffic_light_project.map" -Wl,--gc-sections -static --specs=nano.specs -mfloat-abi=soft -mthumb -Wl,--start-group -lc -lm -Wl,--end-group
Finished building target: traffic_light_project.elf
 
arm-none-eabi-size   traffic_light_project.elf 
arm-none-eabi-objdump -h -S  traffic_light_project.elf  > "traffic_light_project.list"
arm-none-eabi-objcopy  -O ihex  traffic_light_project.elf  "traffic_light_project.hex"
   text	   data	    bss	    dec	    hex	filename
  13504	    104	   1720	  15328	   3be0	traffic_light_project.elf
arm-none-eabi-objcopy  -O binary  traffic_light_project.elf  "traffic_light_project.bin"
Finished building: default.size.stdout
 
Finished building: traffic_light_project.hex
Finished building: traffic_light_project.bin
 
 
Finished building: traffic_light_project.list
 

17:26:30 Build Finished. 0 errors, 0 warnings. (took 648ms)

